report@config:load 66.11
Authorized using stored user info.
report@account:authorize 18.45
Exporting assets from Unity........................

[ Stage1 ] Assets exported from Unity and staged for further processing
report@unity:export 21161.06
report@config:load 88.41
Using /Users/z/Documents/unity_projects/test_3d/Assets/TextMesh Pro/Fonts/LiberationSans.ttf file to generate an atlas for LiberationSans[28720] font
  Using alphabet  ??1234567890-=qwertyuiop[]asdfghjkl;'\`zxcvbnm,./??!@#$%^&*()_+QWERTYUIOP{}ASDFGHJKL:"|~ZXCVBNM<>?
Using /Users/z/Documents/unity_projects/test_3d/Library/PackageCache/com.unity.render-pipelines.core@14.0.12/Runtime/Debugging/Prefabs/Fonts/PerfectDOSVGA437.ttf file to generate an atlas for PerfectDOSVGA437[31274] font
  Using alphabet  ??1234567890-=qwertyuiop[]asdfghjkl;'\`zxcvbnm,./??!@#$%^&*()_+QWERTYUIOP{}ASDFGHJKL:"|~ZXCVBNM<>?
Combined 97 glyphs into bitmap texture at /Users/z/Documents/unity_projects/test_3d/LunaTemp/stage1/tmp/fonts/PerfectDOSVGA437-31274/output_0.png (10kb)
Combined 97 glyphs into bitmap texture at /Users/z/Documents/unity_projects/test_3d/LunaTemp/stage1/tmp/fonts/LiberationSans-28720/output_0.png (56kb)
Found custom rules for texture Assets/TextMesh Pro/Resources/Fonts & Materials/LiberationSans SDF.asset
  {"maxWidth":512,"maxHeight":512,"format":"png32","compression":"none","quality":65,"script":"","ext":"","name":"Assets/TextMesh Pro/Resources/Fonts & Materials/LiberationSans SDF.asset","isOverride":true}
Resources:
{}
report@assets:stage2 6431.11
report@assets:stage3 469.24
[ Stage2 ] Assets postprocessed and bundled successfully
report@config:unity 0.72
report@config:load 67.84
report@config:unity 0.19
report@code:compose 253.39
Authorized using stored user info.
report@account:authorize 6.19
Microsoft (R) Build Engine version 16.10.1 for Mono
Copyright (C) Microsoft Corporation. All rights reserved.


Build started 09.06.2026 1:12:12.

Project "/Users/z/Downloads/7/pipeline/templates/LunaCompiler/Scripts/Scripts.csproj" on node 1 (Rebuild target(s)).

CoreClean:
  Deleting file "/Users/z/Downloads/7/pipeline/templates/LunaCompiler/Scripts/bin/Debug/UnityScriptsCompiler.dll".

  Deleting file "/Users/z/Downloads/7/pipeline/templates/LunaCompiler/Scripts/bin/Debug/UnityScriptsCompiler.pdb".

  Deleting file "/Users/z/Downloads/7/pipeline/templates/LunaCompiler/Scripts/bin/Debug/Bridge.dll".

  Deleting file "/Users/z/Downloads/7/pipeline/templates/LunaCompiler/Scripts/bin/Debug/Bridge.Html5.dll".

  Deleting file "/Users/z/Downloads/7/pipeline/templates/LunaCompiler/Scripts/bin/Debug/Bridge.WebGL.dll".

  Deleting file "/Users/z/Downloads/7/pipeline/templates/LunaCompiler/Scripts/bin/Debug/DOTween.dll".

  Deleting file "/Users/z/Downloads/7/pipeline/templates/LunaCompiler/Scripts/bin/Debug/JetBrains.dll".

  Deleting file "/Users/z/Downloads/7/pipeline/templates/LunaCompiler/Scripts/bin/Debug/Newtonsoft.Json.dll".

  Deleting file "/Users/z/Downloads/7/pipeline/templates/LunaCompiler/Scripts/bin/Debug/Retyped.Core.dll".

  Deleting file "/Users/z/Downloads/7/pipeline/templates/LunaCompiler/Scripts/bin/Debug/Retyped.dom.dll".

  Deleting file "/Users/z/Downloads/7/pipeline/templates/LunaCompiler/Scripts/bin/Debug/Retyped.es5.dll".

  Deleting file "/Users/z/Downloads/7/pipeline/templates/LunaCompiler/Scripts/bin/Debug/Retyped.scripthost.dll".

  Deleting file "/Users/z/Downloads/7/pipeline/templates/LunaCompiler/Scripts/bin/Debug/TextMeshPro.dll".

  Deleting file "/Users/z/Downloads/7/pipeline/templates/LunaCompiler/Scripts/bin/Debug/UnityEngine.dll".

  Deleting file "/Users/z/Downloads/7/pipeline/templates/LunaCompiler/Scripts/bin/Debug/UnityEngine.UI.dll".

  Deleting file "/Users/z/Downloads/7/pipeline/templates/LunaCompiler/Scripts/bin/Debug/UnityEngine.UniversalRenderPipeline.dll".

  Deleting file "/Users/z/Downloads/7/pipeline/templates/LunaCompiler/Scripts/bin/Debug/Bridge.xml".

  Deleting file "/Users/z/Downloads/7/pipeline/templates/LunaCompiler/Scripts/bin/Debug/Bridge.Html5.xml".

  Deleting file "/Users/z/Downloads/7/pipeline/templates/LunaCompiler/Scripts/bin/Debug/Bridge.WebGL.xml".

  Deleting file "/Users/z/Downloads/7/pipeline/templates/LunaCompiler/Scripts/bin/Debug/Newtonsoft.Json.xml".

  Deleting file "/Users/z/Downloads/7/pipeline/templates/LunaCompiler/Scripts/bin/Debug/Retyped.Core.xml".

  Deleting file "/Users/z/Downloads/7/pipeline/templates/LunaCompiler/Scripts/bin/Debug/Retyped.dom.xml".

  Deleting file "/Users/z/Downloads/7/pipeline/templates/LunaCompiler/Scripts/bin/Debug/Retyped.es5.xml".

  Deleting file "/Users/z/Downloads/7/pipeline/templates/LunaCompiler/Scripts/bin/Debug/Retyped.scripthost.xml".

  Deleting file "/Users/z/Downloads/7/pipeline/templates/LunaCompiler/Scripts/obj/Debug/Scripts.csproj.AssemblyReference.cache".

  Deleting file "/Users/z/Downloads/7/pipeline/templates/LunaCompiler/Scripts/obj/Debug/Scripts.csproj.CoreCompileInputs.cache".

  Deleting file "/Users/z/Downloads/7/pipeline/templates/LunaCompiler/Scripts/obj/Debug/Scripts.csproj.CopyComplete".

  Deleting file "/Users/z/Downloads/7/pipeline/templates/LunaCompiler/Scripts/obj/Debug/UnityScriptsCompiler.dll".

  Deleting file "/Users/z/Downloads/7/pipeline/templates/LunaCompiler/Scripts/obj/Debug/UnityScriptsCompiler.pdb".

GenerateTargetFrameworkMonikerAttribute:
Skipping target "GenerateTargetFrameworkMonikerAttribute" because all output files are up-to-date with respect to the input files.

CoreCompile:

  /Library/Frameworks/Mono.framework/Versions/6.12.0/lib/mono/msbuild/Current/bin/Roslyn/csc.exe /noconfig /nowarn:CS0626,1701,1702 /fullpaths /nostdlib+ /errorreport:prompt /warn:4 /define:UNITY_LUNA;CSHARP_7_OR_LATER;CSHARP_7_3_OR_NEWER;UNITY_5_3_OR_NEWER;UNITY_5_4_OR_NEWER;UNITY_5_5_OR_NEWER;UNITY_2022;UNITY_2017_1_OR_NEWER;UNITY_2017_2_OR_NEWER;UNITY_2017_3_OR_NEWER;UNITY_2017_4_OR_NEWER;UNITY_2018_1_OR_NEWER;UNITY_2018_2_OR_NEWER;UNITY_2018_3_OR_NEWER;UNITY_2018_4_OR_NEWER;UNITY_2019_1_OR_NEWER;UNITY_2019_2_OR_NEWER;UNITY_2019_3_OR_NEWER;UNITY_2019_4_OR_NEWER;UNITY_2020_1_OR_NEWER;UNITY_2020_2_OR_NEWER;UNITY_2020_3_OR_NEWER;UNITY_2021_1_OR_NEWER;UNITY_2021_2_OR_NEWER;UNITY_2021_3_OR_NEWER;UNITY_2022_1_OR_NEWER;UNITY_2022_2_OR_NEWER;UNITY_2022_3_OR_NEWER;UNITY_2022_3;UNITY_2022_3_62 /highentropyva+ /reference:/Users/z/Downloads/7/pipeline/templates/LunaCompiler/packages/Bridge.Core.17.9.42-luna/lib/net40/Bridge.dll /reference:/Users/z/Downloads/7/pipeline/templates/LunaCompiler/packages/Bridge.Html5.17.9.0/lib/net40/Bridge.Html5.dll /reference:/Users/z/Downloads/7/pipeline/templates/LunaCompiler/packages/Bridge.WebGL.1.22.0/lib/net40/Bridge.WebGL.dll /reference:/Users/z/Downloads/7/pipeline/templates/LunaCompiler/packages/DOTween.1.2.705/lib/net40/DOTween.dll /reference:/Users/z/Downloads/7/pipeline/templates/LunaCompiler/packages/com.unity.ide.rider/3.0.0/JetBrains.dll /reference:/Users/z/Downloads/7/pipeline/templates/LunaCompiler/packages/Bridge.Newtonsoft.Json.1.16.0/lib/net40/Newtonsoft.Json.dll /reference:/Users/z/Downloads/7/pipeline/templates/LunaCompiler/packages/Retyped.Core.1.6.6733/lib/net40/Retyped.Core.dll /reference:/Users/z/Downloads/7/pipeline/templates/LunaCompiler/packages/Retyped.dom.2.8.6733/lib/net40/Retyped.dom.dll /reference:/Users/z/Downloads/7/pipeline/templates/LunaCompiler/packages/Retyped.es5.2.8.6733/lib/net40/Retyped.es5.dll /reference:/Users/z/Downloads/7/pipeline/templates/LunaCompiler/packages/Retyped.scripthost.2.8.6733/lib/net40/Retyped.scripthost.dll /reference:/Users/z/Downloads/7/pipeline/templates/LunaCompiler/packages/com.unity.textmeshpro/3.0.6/TextMeshPro.dll /reference:/Users/z/Downloads/7/pipeline/templates/LunaCompiler/Scripts/Vendor/UnityEngine.dll /reference:/Users/z/Downloads/7/pipeline/templates/LunaCompiler/packages/com.unity.ui/1.2.1/UnityEngine.UI.dll /reference:/Users/z/Downloads/7/pipeline/templates/LunaCompiler/packages/com.unity.urp/7.6/UnityEngine.UniversalRenderPipeline.dll /debug+ /debug:full /optimize- /out:obj/Debug/UnityScriptsCompiler.dll /subsystemversion:6.00 /target:library /warnaserror- /utf8output /langversion:8 /Users/z/Documents/unity_projects/test_3d/LunaTemp/stage3/processed-scripts/Assets/_Game/Audio/SoundPlayer.cs /Users/z/Documents/unity_projects/test_3d/LunaTemp/stage3/processed-scripts/Assets/_Game/Board/BoardController.cs /Users/z/Documents/unity_projects/test_3d/LunaTemp/stage3/processed-scripts/Assets/_Game/Board/BoardOutline.cs /Users/z/Documents/unity_projects/test_3d/LunaTemp/stage3/processed-scripts/Assets/_Game/Board/HexCell.cs /Users/z/Documents/unity_projects/test_3d/LunaTemp/stage3/processed-scripts/Assets/_Game/Board/HexCellView.cs /Users/z/Documents/unity_projects/test_3d/LunaTemp/stage3/processed-scripts/Assets/_Game/Board/HexGridGenerator.cs /Users/z/Documents/unity_projects/test_3d/LunaTemp/stage3/processed-scripts/Assets/_Game/Configs/HexColorConfig.cs /Users/z/Documents/unity_projects/test_3d/LunaTemp/stage3/processed-scripts/Assets/_Game/Configs/LevelConfig.cs /Users/z/Documents/unity_projects/test_3d/LunaTemp/stage3/processed-scripts/Assets/_Game/DI/GameAssets.cs /Users/z/Documents/unity_projects/test_3d/LunaTemp/stage3/processed-scripts/Assets/_Game/Drag/DragController.cs /Users/z/Documents/unity_projects/test_3d/LunaTemp/stage3/processed-scripts/Assets/_Game/Flow/LevelFlowController.cs /Users/z/Documents/unity_projects/test_3d/LunaTemp/stage3/processed-scripts/Assets/_Game/Flow/LevelFlowState.cs /Users/z/Documents/unity_projects/test_3d/LunaTemp/stage3/processed-scripts/Assets/_Game/Merge/MergeAnimator.cs /Users/z/Documents/unity_projects/test_3d/LunaTemp/stage3/processed-scripts/Assets/_Game/Merge/MergeSystem.cs /Users/z/Documents/unity_projects/test_3d/LunaTemp/stage3/processed-scripts/Assets/_Game/Packshot/PackshotController.cs /Users/z/Documents/unity_projects/test_3d/LunaTemp/stage3/processed-scripts/Assets/_Game/Stacks/HexColor.cs /Users/z/Documents/unity_projects/test_3d/LunaTemp/stage3/processed-scripts/Assets/_Game/Stacks/HexPiece.cs /Users/z/Documents/unity_projects/test_3d/LunaTemp/stage3/processed-scripts/Assets/_Game/Stacks/HexPieceView.cs /Users/z/Documents/unity_projects/test_3d/LunaTemp/stage3/processed-scripts/Assets/_Game/Stacks/HexStack.cs /Users/z/Documents/unity_projects/test_3d/LunaTemp/stage3/processed-scripts/Assets/_Game/Stacks/HexStackView.cs /Users/z/Documents/unity_projects/test_3d/LunaTemp/stage3/processed-scripts/Assets/_Game/Stacks/StackTrayController.cs /Users/z/Documents/unity_projects/test_3d/LunaTemp/stage3/processed-scripts/Assets/_Game/Tutorial/TutorialHandController.cs /Users/z/Documents/unity_projects/test_3d/LunaTemp/stage3/processed-scripts/Assets/Main.cs /Users/z/Documents/unity_projects/test_3d/LunaTemp/stage3/processed-scripts/Assets/Plugins/Demigiant/DOTween/Modules/DOTweenModuleAudio.cs /Users/z/Documents/unity_projects/test_3d/LunaTemp/stage3/processed-scripts/Assets/Plugins/Demigiant/DOTween/Modules/DOTweenModuleEPOOutline.cs /Users/z/Documents/unity_projects/test_3d/LunaTemp/stage3/processed-scripts/Assets/Plugins/Demigiant/DOTween/Modules/DOTweenModulePhysics.cs /Users/z/Documents/unity_projects/test_3d/LunaTemp/stage3/processed-scripts/Assets/Plugins/Demigiant/DOTween/Modules/DOTweenModulePhysics2D.cs /Users/z/Documents/unity_projects/test_3d/LunaTemp/stage3/processed-scripts/Assets/Plugins/Demigiant/DOTween/Modules/DOTweenModuleSprite.cs /Users/z/Documents/unity_projects/test_3d/LunaTemp/stage3/processed-scripts/Assets/Plugins/Demigiant/DOTween/Modules/DOTweenModuleUI.cs /Users/z/Documents/unity_projects/test_3d/LunaTemp/stage3/processed-scripts/Assets/Plugins/Demigiant/DOTween/Modules/DOTweenModuleUnityVersion.cs /Users/z/Documents/unity_projects/test_3d/LunaTemp/stage3/processed-scripts/Assets/Plugins/Demigiant/DOTween/Modules/DOTweenModuleUtils.cs Properties/AssemblyInfo.cs Sources/OtherDummyScript.cs "obj/Debug/.NETFramework,Version=v4.7.AssemblyAttributes.cs"

  Using shared compilation with compiler from directory: /Library/Frameworks/Mono.framework/Versions/6.12.0/lib/mono/msbuild/Current/bin/Roslyn

/Users/z/Documents/unity_projects/test_3d/LunaTemp/stage3/processed-scripts/Assets/_Game/Merge/MergeAnimator.cs(24,44): warning CS0649: Field 'MergeAnimator.effectParent' is never assigned to, and will always have its default value null [/Users/z/Downloads/7/pipeline/templates/LunaCompiler/Scripts/Scripts.csproj]

/Users/z/Documents/unity_projects/test_3d/LunaTemp/stage3/processed-scripts/Assets/Main.cs(23,41): warning CS0649: Field 'Main.hexPiecePrefab' is never assigned to, and will always have its default value null [/Users/z/Downloads/7/pipeline/templates/LunaCompiler/Scripts/Scripts.csproj]

/Users/z/Documents/unity_projects/test_3d/LunaTemp/stage3/processed-scripts/Assets/_Game/Audio/SoundPlayer.cs(14,44): warning CS0649: Field 'SoundPlayer.elementDisappearClip' is never assigned to, and will always have its default value null [/Users/z/Downloads/7/pipeline/templates/LunaCompiler/Scripts/Scripts.csproj]

/Users/z/Documents/unity_projects/test_3d/LunaTemp/stage3/processed-scripts/Assets/Main.cs(24,45): warning CS0649: Field 'Main.hexColorConfig' is never assigned to, and will always have its default value null [/Users/z/Downloads/7/pipeline/templates/LunaCompiler/Scripts/Scripts.csproj]
/Users/z/Documents/unity_projects/test_3d/LunaTemp/stage3/processed-scripts/Assets/_Game/Audio/SoundPlayer.cs(15,44): warning CS0649: Field 'SoundPlayer.allElementsDisappearCompleteClip' is never assigned to, and will always have its default value null [/Users/z/Downloads/7/pipeline/templates/LunaCompiler/Scripts/Scripts.csproj]

/Users/z/Documents/unity_projects/test_3d/LunaTemp/stage3/processed-scripts/Assets/_Game/Board/BoardOutline.cs(22,43): warning CS0649: Field 'BoardOutline.meshMaterial' is never assigned to, and will always have its default value null [/Users/z/Downloads/7/pipeline/templates/LunaCompiler/Scripts/Scripts.csproj]
/Users/z/Documents/unity_projects/test_3d/LunaTemp/stage3/processed-scripts/Assets/_Game/Packshot/PackshotController.cs(11,41): warning CS0169: The field 'PackshotController.ctaButton' is never used [/Users/z/Downloads/7/pipeline/templates/LunaCompiler/Scripts/Scripts.csproj]
/Users/z/Documents/unity_projects/test_3d/LunaTemp/stage3/processed-scripts/Assets/_Game/Audio/SoundPlayer.cs(11,44): warning CS0649: Field 'SoundPlayer.stackPickupClip' is never assigned to, and will always have its default value null [/Users/z/Downloads/7/pipeline/templates/LunaCompiler/Scripts/Scripts.csproj]

/Users/z/Documents/unity_projects/test_3d/LunaTemp/stage3/processed-scripts/Assets/_Game/Audio/SoundPlayer.cs(12,44): warning CS0649: Field 'SoundPlayer.stackDropClip' is never assigned to, and will always have its default value null [/Users/z/Downloads/7/pipeline/templates/LunaCompiler/Scripts/Scripts.csproj]

/Users/z/Documents/unity_projects/test_3d/LunaTemp/stage3/processed-scripts/Assets/Main.cs(22,41): warning CS0649: Field 'Main.hexCellPrefab' is never assigned to, and will always have its default value null [/Users/z/Downloads/7/pipeline/templates/LunaCompiler/Scripts/Scripts.csproj]

/Users/z/Documents/unity_projects/test_3d/LunaTemp/stage3/processed-scripts/Assets/_Game/Audio/SoundPlayer.cs(13,44): warning CS0649: Field 'SoundPlayer.elementFlyToStackClip' is never assigned to, and will always have its default value null [/Users/z/Downloads/7/pipeline/templates/LunaCompiler/Scripts/Scripts.csproj]

/Users/z/Documents/unity_projects/test_3d/LunaTemp/stage3/processed-scripts/Assets/_Game/Packshot/PackshotController.cs(10,46): warning CS0649: Field 'PackshotController.canvasGroup' is never assigned to, and will always have its default value null [/Users/z/Downloads/7/pipeline/templates/LunaCompiler/Scripts/Scripts.csproj]

/Users/z/Documents/unity_projects/test_3d/LunaTemp/stage3/processed-scripts/Assets/_Game/Board/BoardOutline.cs(15,47): warning CS0649: Field 'BoardOutline.linePrefab' is never assigned to, and will always have its default value null [/Users/z/Downloads/7/pipeline/templates/LunaCompiler/Scripts/Scripts.csproj]

/Users/z/Documents/unity_projects/test_3d/LunaTemp/stage3/processed-scripts/Assets/_Game/Merge/MergeAnimator.cs(23,45): warning CS0649: Field 'MergeAnimator.disappearEffectPrefab' is never assigned to, and will always have its default value null [/Users/z/Downloads/7/pipeline/templates/LunaCompiler/Scripts/Scripts.csproj]

_CopyFilesMarkedCopyLocal:
  Copying file from "/Users/z/Downloads/7/pipeline/templates/LunaCompiler/packages/DOTween.1.2.705/lib/net40/DOTween.dll" to "/Users/z/Downloads/7/pipeline/templates/LunaCompiler/Scripts/bin/Debug/DOTween.dll".

  Copying file from "/Users/z/Downloads/7/pipeline/templates/LunaCompiler/packages/Bridge.Core.17.9.42-luna/lib/net40/Bridge.dll" to "/Users/z/Downloads/7/pipeline/templates/LunaCompiler/Scripts/bin/Debug/Bridge.dll".
  Copying file from "/Users/z/Downloads/7/pipeline/templates/LunaCompiler/packages/Bridge.Html5.17.9.0/lib/net40/Bridge.Html5.dll" to "/Users/z/Downloads/7/pipeline/templates/LunaCompiler/Scripts/bin/Debug/Bridge.Html5.dll".
  Copying file from "/Users/z/Downloads/7/pipeline/templates/LunaCompiler/packages/com.unity.ide.rider/3.0.0/JetBrains.dll" to "/Users/z/Downloads/7/pipeline/templates/LunaCompiler/Scripts/bin/Debug/JetBrains.dll".
  Copying file from "/Users/z/Downloads/7/pipeline/templates/LunaCompiler/packages/Bridge.WebGL.1.22.0/lib/net40/Bridge.WebGL.dll" to "/Users/z/Downloads/7/pipeline/templates/LunaCompiler/Scripts/bin/Debug/Bridge.WebGL.dll".

  Copying file from "/Users/z/Downloads/7/pipeline/templates/LunaCompiler/packages/Bridge.Newtonsoft.Json.1.16.0/lib/net40/Newtonsoft.Json.dll" to "/Users/z/Downloads/7/pipeline/templates/LunaCompiler/Scripts/bin/Debug/Newtonsoft.Json.dll".

  Copying file from "/Users/z/Downloads/7/pipeline/templates/LunaCompiler/packages/Retyped.Core.1.6.6733/lib/net40/Retyped.Core.dll" to "/Users/z/Downloads/7/pipeline/templates/LunaCompiler/Scripts/bin/Debug/Retyped.Core.dll".

  Copying file from "/Users/z/Downloads/7/pipeline/templates/LunaCompiler/packages/com.unity.textmeshpro/3.0.6/TextMeshPro.dll" to "/Users/z/Downloads/7/pipeline/templates/LunaCompiler/Scripts/bin/Debug/TextMeshPro.dll".
  Copying file from "/Users/z/Downloads/7/pipeline/templates/LunaCompiler/packages/Retyped.scripthost.2.8.6733/lib/net40/Retyped.scripthost.dll" to "/Users/z/Downloads/7/pipeline/templates/LunaCompiler/Scripts/bin/Debug/Retyped.scripthost.dll".

  Copying file from "/Users/z/Downloads/7/pipeline/templates/LunaCompiler/packages/Retyped.es5.2.8.6733/lib/net40/Retyped.es5.dll" to "/Users/z/Downloads/7/pipeline/templates/LunaCompiler/Scripts/bin/Debug/Retyped.es5.dll".

  Copying file from "/Users/z/Downloads/7/pipeline/templates/LunaCompiler/packages/Retyped.dom.2.8.6733/lib/net40/Retyped.dom.dll" to "/Users/z/Downloads/7/pipeline/templates/LunaCompiler/Scripts/bin/Debug/Retyped.dom.dll".

  Copying file from "/Users/z/Downloads/7/pipeline/templates/LunaCompiler/Scripts/Vendor/UnityEngine.dll" to "/Users/z/Downloads/7/pipeline/templates/LunaCompiler/Scripts/bin/Debug/UnityEngine.dll".
  Copying file from "/Users/z/Downloads/7/pipeline/templates/LunaCompiler/packages/com.unity.ui/1.2.1/UnityEngine.UI.dll" to "/Users/z/Downloads/7/pipeline/templates/LunaCompiler/Scripts/bin/Debug/UnityEngine.UI.dll".

  Copying file from "/Users/z/Downloads/7/pipeline/templates/LunaCompiler/packages/com.unity.urp/7.6/UnityEngine.UniversalRenderPipeline.dll" to "/Users/z/Downloads/7/pipeline/templates/LunaCompiler/Scripts/bin/Debug/UnityEngine.UniversalRenderPipeline.dll".

  Copying file from "/Users/z/Downloads/7/pipeline/templates/LunaCompiler/packages/Bridge.Core.17.9.42-luna/lib/net40/Bridge.xml" to "/Users/z/Downloads/7/pipeline/templates/LunaCompiler/Scripts/bin/Debug/Bridge.xml".

  Copying file from "/Users/z/Downloads/7/pipeline/templates/LunaCompiler/packages/Bridge.Html5.17.9.0/lib/net40/Bridge.Html5.xml" to "/Users/z/Downloads/7/pipeline/templates/LunaCompiler/Scripts/bin/Debug/Bridge.Html5.xml".

  Copying file from "/Users/z/Downloads/7/pipeline/templates/LunaCompiler/packages/Bridge.WebGL.1.22.0/lib/net40/Bridge.WebGL.xml" to "/Users/z/Downloads/7/pipeline/templates/LunaCompiler/Scripts/bin/Debug/Bridge.WebGL.xml".

  Copying file from "/Users/z/Downloads/7/pipeline/templates/LunaCompiler/packages/Bridge.Newtonsoft.Json.1.16.0/lib/net40/Newtonsoft.Json.xml" to "/Users/z/Downloads/7/pipeline/templates/LunaCompiler/Scripts/bin/Debug/Newtonsoft.Json.xml".

  Copying file from "/Users/z/Downloads/7/pipeline/templates/LunaCompiler/packages/Retyped.dom.2.8.6733/lib/net40/Retyped.dom.xml" to "/Users/z/Downloads/7/pipeline/templates/LunaCompiler/Scripts/bin/Debug/Retyped.dom.xml".
  Copying file from "/Users/z/Downloads/7/pipeline/templates/LunaCompiler/packages/Retyped.es5.2.8.6733/lib/net40/Retyped.es5.xml" to "/Users/z/Downloads/7/pipeline/templates/LunaCompiler/Scripts/bin/Debug/Retyped.es5.xml".
  Copying file from "/Users/z/Downloads/7/pipeline/templates/LunaCompiler/packages/Retyped.Core.1.6.6733/lib/net40/Retyped.Core.xml" to "/Users/z/Downloads/7/pipeline/templates/LunaCompiler/Scripts/bin/Debug/Retyped.Core.xml".

  Copying file from "/Users/z/Downloads/7/pipeline/templates/LunaCompiler/packages/Retyped.scripthost.2.8.6733/lib/net40/Retyped.scripthost.xml" to "/Users/z/Downloads/7/pipeline/templates/LunaCompiler/Scripts/bin/Debug/Retyped.scripthost.xml".

  Creating "/Users/z/Downloads/7/pipeline/templates/LunaCompiler/Scripts/obj/Debug/Scripts.csproj.CopyComplete" because "AlwaysCreate" was specified.

CopyFilesToOutputDirectory:
  Copying file from "/Users/z/Downloads/7/pipeline/templates/LunaCompiler/Scripts/obj/Debug/UnityScriptsCompiler.dll" to "/Users/z/Downloads/7/pipeline/templates/LunaCompiler/Scripts/bin/Debug/UnityScriptsCompiler.dll".

  Scripts -> /Users/z/Downloads/7/pipeline/templates/LunaCompiler/Scripts/bin/Debug/UnityScriptsCompiler.dll

  Copying file from "/Users/z/Downloads/7/pipeline/templates/LunaCompiler/Scripts/obj/Debug/UnityScriptsCompiler.pdb" to "/Users/z/Downloads/7/pipeline/templates/LunaCompiler/Scripts/bin/Debug/UnityScriptsCompiler.pdb".

BridgeNetCompilerTask:
  Bridge started

      To enable detailed logging, configure "logging" in bridge.json.

      https://github.com/bridgedotnet/Bridge/wiki/global-configuration#logging

  Bridge done

Done Building Project "/Users/z/Downloads/7/pipeline/templates/LunaCompiler/Scripts/Scripts.csproj" (Rebuild target(s)).



Build succeeded.



"/Users/z/Downloads/7/pipeline/templates/LunaCompiler/Scripts/Scripts.csproj" (Rebuild target) (1) ->

(CoreCompile target) -> 
  /Users/z/Documents/unity_projects/test_3d/LunaTemp/stage3/processed-scripts/Assets/_Game/Merge/MergeAnimator.cs(24,44): warning CS0649: Field 'MergeAnimator.effectParent' is never assigned to, and will always have its default value null [/Users/z/Downloads/7/pipeline/templates/LunaCompiler/Scripts/Scripts.csproj]
  /Users/z/Documents/unity_projects/test_3d/LunaTemp/stage3/processed-scripts/Assets/Main.cs(23,41): warning CS0649: Field 'Main.hexPiecePrefab' is never assigned to, and will always have its default value null [/Users/z/Downloads/7/pipeline/templates/LunaCompiler/Scripts/Scripts.csproj]

  /Users/z/Documents/unity_projects/test_3d/LunaTemp/stage3/processed-scripts/Assets/_Game/Audio/SoundPlayer.cs(14,44): warning CS0649: Field 'SoundPlayer.elementDisappearClip' is never assigned to, and will always have its default value null [/Users/z/Downloads/7/pipeline/templates/LunaCompiler/Scripts/Scripts.csproj]
  /Users/z/Documents/unity_projects/test_3d/LunaTemp/stage3/processed-scripts/Assets/Main.cs(24,45): warning CS0649: Field 'Main.hexColorConfig' is never assigned to, and will always have its default value null [/Users/z/Downloads/7/pipeline/templates/LunaCompiler/Scripts/Scripts.csproj]
  /Users/z/Documents/unity_projects/test_3d/LunaTemp/stage3/processed-scripts/Assets/_Game/Audio/SoundPlayer.cs(15,44): warning CS0649: Field 'SoundPlayer.allElementsDisappearCompleteClip' is never assigned to, and will always have its default value null [/Users/z/Downloads/7/pipeline/templates/LunaCompiler/Scripts/Scripts.csproj]
  /Users/z/Documents/unity_projects/test_3d/LunaTemp/stage3/processed-scripts/Assets/_Game/Board/BoardOutline.cs(22,43): warning CS0649: Field 'BoardOutline.meshMaterial' is never assigned to, and will always have its default value null [/Users/z/Downloads/7/pipeline/templates/LunaCompiler/Scripts/Scripts.csproj]

  /Users/z/Documents/unity_projects/test_3d/LunaTemp/stage3/processed-scripts/Assets/_Game/Packshot/PackshotController.cs(11,41): warning CS0169: The field 'PackshotController.ctaButton' is never used [/Users/z/Downloads/7/pipeline/templates/LunaCompiler/Scripts/Scripts.csproj]
  /Users/z/Documents/unity_projects/test_3d/LunaTemp/stage3/processed-scripts/Assets/_Game/Audio/SoundPlayer.cs(11,44): warning CS0649: Field 'SoundPlayer.stackPickupClip' is never assigned to, and will always have its default value null [/Users/z/Downloads/7/pipeline/templates/LunaCompiler/Scripts/Scripts.csproj]
  /Users/z/Documents/unity_projects/test_3d/LunaTemp/stage3/processed-scripts/Assets/_Game/Audio/SoundPlayer.cs(12,44): warning CS0649: Field 'SoundPlayer.stackDropClip' is never assigned to, and will always have its default value null [/Users/z/Downloads/7/pipeline/templates/LunaCompiler/Scripts/Scripts.csproj]
  /Users/z/Documents/unity_projects/test_3d/LunaTemp/stage3/processed-scripts/Assets/Main.cs(22,41): warning CS0649: Field 'Main.hexCellPrefab' is never assigned to, and will always have its default value null [/Users/z/Downloads/7/pipeline/templates/LunaCompiler/Scripts/Scripts.csproj]
  /Users/z/Documents/unity_projects/test_3d/LunaTemp/stage3/processed-scripts/Assets/_Game/Audio/SoundPlayer.cs(13,44): warning CS0649: Field 'SoundPlayer.elementFlyToStackClip' is never assigned to, and will always have its default value null [/Users/z/Downloads/7/pipeline/templates/LunaCompiler/Scripts/Scripts.csproj]

  /Users/z/Documents/unity_projects/test_3d/LunaTemp/stage3/processed-scripts/Assets/_Game/Packshot/PackshotController.cs(10,46): warning CS0649: Field 'PackshotController.canvasGroup' is never assigned to, and will always have its default value null [/Users/z/Downloads/7/pipeline/templates/LunaCompiler/Scripts/Scripts.csproj]
  /Users/z/Documents/unity_projects/test_3d/LunaTemp/stage3/processed-scripts/Assets/_Game/Board/BoardOutline.cs(15,47): warning CS0649: Field 'BoardOutline.linePrefab' is never assigned to, and will always have its default value null [/Users/z/Downloads/7/pipeline/templates/LunaCompiler/Scripts/Scripts.csproj]
  /Users/z/Documents/unity_projects/test_3d/LunaTemp/stage3/processed-scripts/Assets/_Game/Merge/MergeAnimator.cs(23,45): warning CS0649: Field 'MergeAnimator.disappearEffectPrefab' is never assigned to, and will always have its default value null [/Users/z/Downloads/7/pipeline/templates/LunaCompiler/Scripts/Scripts.csproj]


    14 Warning(s)
    0 Error(s)



Time Elapsed 00:00:22.10

Source code compiled successfully!
Diagnostics gathered successfully
report@code:build 42199.92
report@diagnostics:verify 0.84
report@diagnostics:upload 2104.61
report@code:stage 9221.53
[ Stage3 ] Code compiled and bundled successfully.
report@code:bundle 53856.92
report@package:stage 2109.39
[ Stage4 ] Target platform: develop
[ Stage4 ] Package bundled successfully
report@assets:stats 0.32
